// Jest Snapshot v1, https://goo.gl/fbAQLP

exports[`Hero Component should match snapshots 1`] = `
<div
  className="hero__StyledDiv-sc-s6ikjf-0 dKJFNe hero"
  onClick={[Function]}
>
  <div
    className="image-wrapper"
  >
    <img
      alt="Pic of a test"
      src="/test-bg.jpg"
    />
  </div>
  <div
    className="content"
  >
    <div
      className="sub-title"
    >
      TEST
    </div>
    <h1
      className="title"
    >
      Hero Test
    </h1>
    <p
      className="description"
    >
      Description
    </p>
    <div
      className="buttons"
    >
      <a
        className="link__StyledLink-sc-k5dztf-0 jZDYYg link "
        href="/button"
      >
        <button
          className="button__StyledButton-sc-1476jkj-0 iOnKIy button  
        primary "
        >
          <span
            className="icon"
          >
            <img
              alt="Button Icon"
              src="/icon-play.svg"
            />
          </span>
          <span
            className="text"
          >
            watch now
          </span>
        </button>
      </a>
      <button
        className="button__StyledButton-sc-1476jkj-0 iOnKIy button  
        secondary not-in-my-list"
        onClick={[Function]}
      >
        <span
          className="icon"
        >
          <img
            alt="Button Icon"
            src="/icon-mylist.svg"
          />
        </span>
        <span
          className="text"
        >
          my list
        </span>
      </button>
    </div>
  </div>
</div>
`;
