// Jest Snapshot v1, https://goo.gl/fbAQLP

exports[`Button Component should match snapshots 1`] = `
<button
  className="button__StyledButton-sc-1476jkj-0 bXdlHz button selected 
        secondary test"
  onClick={[Function]}
>
  <span
    className="icon"
  >
    <img
      alt="test icon alt text"
      src="/test.svg"
    />
  </span>
  <span
    className="text"
  >
    Test
  </span>
</button>
`;

exports[`Button Component should match snapshots 2`] = `
<button
  className="button__StyledButton-sc-1476jkj-0 bXdlHz button  
        primary "
/>
`;
